Archive member included to satisfy reference by file (symbol)

c:/ac6/systemworkbench/plugins/fr.ac6.mcu.externaltools.arm-none.win32_1.17.0.201812190825/tools/compiler/bin/../lib/gcc/arm-none-eabi/7.3.1/../../../../arm-none-eabi/lib/thumb/v7e-m/fpv4-sp/hard\libc.a(lib_a-errno.o)
                              src/syscalls.o (__errno)
c:/ac6/systemworkbench/plugins/fr.ac6.mcu.externaltools.arm-none.win32_1.17.0.201812190825/tools/compiler/bin/../lib/gcc/arm-none-eabi/7.3.1/../../../../arm-none-eabi/lib/thumb/v7e-m/fpv4-sp/hard\libc.a(lib_a-exit.o)
                              c:/ac6/systemworkbench/plugins/fr.ac6.mcu.externaltools.arm-none.win32_1.17.0.201812190825/tools/compiler/bin/../lib/gcc/arm-none-eabi/7.3.1/../../../../arm-none-eabi/lib/thumb/v7e-m/fpv4-sp/hard/crt0.o (exit)
c:/ac6/systemworkbench/plugins/fr.ac6.mcu.externaltools.arm-none.win32_1.17.0.201812190825/tools/compiler/bin/../lib/gcc/arm-none-eabi/7.3.1/../../../../arm-none-eabi/lib/thumb/v7e-m/fpv4-sp/hard\libc.a(lib_a-impure.o)
                              c:/ac6/systemworkbench/plugins/fr.ac6.mcu.externaltools.arm-none.win32_1.17.0.201812190825/tools/compiler/bin/../lib/gcc/arm-none-eabi/7.3.1/../../../../arm-none-eabi/lib/thumb/v7e-m/fpv4-sp/hard\libc.a(lib_a-exit.o) (_global_impure_ptr)
c:/ac6/systemworkbench/plugins/fr.ac6.mcu.externaltools.arm-none.win32_1.17.0.201812190825/tools/compiler/bin/../lib/gcc/arm-none-eabi/7.3.1/../../../../arm-none-eabi/lib/thumb/v7e-m/fpv4-sp/hard\libc.a(lib_a-init.o)
                              c:/ac6/systemworkbench/plugins/fr.ac6.mcu.externaltools.arm-none.win32_1.17.0.201812190825/tools/compiler/bin/../lib/gcc/arm-none-eabi/7.3.1/../../../../arm-none-eabi/lib/thumb/v7e-m/fpv4-sp/hard/crt0.o (__libc_init_array)
c:/ac6/systemworkbench/plugins/fr.ac6.mcu.externaltools.arm-none.win32_1.17.0.201812190825/tools/compiler/bin/../lib/gcc/arm-none-eabi/7.3.1/../../../../arm-none-eabi/lib/thumb/v7e-m/fpv4-sp/hard\libc.a(lib_a-memset.o)
                              c:/ac6/systemworkbench/plugins/fr.ac6.mcu.externaltools.arm-none.win32_1.17.0.201812190825/tools/compiler/bin/../lib/gcc/arm-none-eabi/7.3.1/../../../../arm-none-eabi/lib/thumb/v7e-m/fpv4-sp/hard/crt0.o (memset)
c:/ac6/systemworkbench/plugins/fr.ac6.mcu.externaltools.arm-none.win32_1.17.0.201812190825/tools/compiler/bin/../lib/gcc/arm-none-eabi/7.3.1/../../../../arm-none-eabi/lib/thumb/v7e-m/fpv4-sp/hard\libc.a(lib_a-__call_atexit.o)
                              c:/ac6/systemworkbench/plugins/fr.ac6.mcu.externaltools.arm-none.win32_1.17.0.201812190825/tools/compiler/bin/../lib/gcc/arm-none-eabi/7.3.1/../../../../arm-none-eabi/lib/thumb/v7e-m/fpv4-sp/hard\libc.a(lib_a-exit.o) (__call_exitprocs)
c:/ac6/systemworkbench/plugins/fr.ac6.mcu.externaltools.arm-none.win32_1.17.0.201812190825/tools/compiler/bin/../lib/gcc/arm-none-eabi/7.3.1/../../../../arm-none-eabi/lib/thumb/v7e-m/fpv4-sp/hard\libc.a(lib_a-atexit.o)
                              c:/ac6/systemworkbench/plugins/fr.ac6.mcu.externaltools.arm-none.win32_1.17.0.201812190825/tools/compiler/bin/../lib/gcc/arm-none-eabi/7.3.1/../../../../arm-none-eabi/lib/thumb/v7e-m/fpv4-sp/hard\libc.a(lib_a-__call_atexit.o) (atexit)
c:/ac6/systemworkbench/plugins/fr.ac6.mcu.externaltools.arm-none.win32_1.17.0.201812190825/tools/compiler/bin/../lib/gcc/arm-none-eabi/7.3.1/../../../../arm-none-eabi/lib/thumb/v7e-m/fpv4-sp/hard\libc.a(lib_a-fini.o)
                              c:/ac6/systemworkbench/plugins/fr.ac6.mcu.externaltools.arm-none.win32_1.17.0.201812190825/tools/compiler/bin/../lib/gcc/arm-none-eabi/7.3.1/../../../../arm-none-eabi/lib/thumb/v7e-m/fpv4-sp/hard\libc.a(lib_a-__call_atexit.o) (__libc_fini_array)
c:/ac6/systemworkbench/plugins/fr.ac6.mcu.externaltools.arm-none.win32_1.17.0.201812190825/tools/compiler/bin/../lib/gcc/arm-none-eabi/7.3.1/../../../../arm-none-eabi/lib/thumb/v7e-m/fpv4-sp/hard\libc.a(lib_a-lock.o)
                              c:/ac6/systemworkbench/plugins/fr.ac6.mcu.externaltools.arm-none.win32_1.17.0.201812190825/tools/compiler/bin/../lib/gcc/arm-none-eabi/7.3.1/../../../../arm-none-eabi/lib/thumb/v7e-m/fpv4-sp/hard\libc.a(lib_a-__call_atexit.o) (__retarget_lock_acquire_recursive)
c:/ac6/systemworkbench/plugins/fr.ac6.mcu.externaltools.arm-none.win32_1.17.0.201812190825/tools/compiler/bin/../lib/gcc/arm-none-eabi/7.3.1/../../../../arm-none-eabi/lib/thumb/v7e-m/fpv4-sp/hard\libc.a(lib_a-__atexit.o)
                              c:/ac6/systemworkbench/plugins/fr.ac6.mcu.externaltools.arm-none.win32_1.17.0.201812190825/tools/compiler/bin/../lib/gcc/arm-none-eabi/7.3.1/../../../../arm-none-eabi/lib/thumb/v7e-m/fpv4-sp/hard\libc.a(lib_a-atexit.o) (__register_exitproc)

Allocating common symbols
Common symbol       size              file

__lock___atexit_recursive_mutex
[...]
Memory Configuration

Name             Origin             Length             Attributes
FLASH            0x08000000         0x00010000         xr
RAM              0x20000000         0x00003000         xrw
CCMRAM           0x10000000         0x00001000         rw
*default*        0x00000000         0xffffffff

Linker script and memory map

LOAD c:/ac6/systemworkbench/plugins/fr.ac6.mcu.externaltools.arm-none.win32_1.17.0.201812190825/tools/compiler/bin/../lib/gcc/arm-none-eabi/7.3.1/thumb/v7e-m/fpv4-sp/hard/crti.o
LOAD c:/ac6/systemworkbench/plugins/fr.ac6.mcu.externaltools.arm-none.win32_1.17.0.201812190825/tools/compiler/bin/../lib/gcc/arm-none-eabi/7.3.1/thumb/v7e-m/fpv4-sp/hard/crtbegin.o
LOAD c:/ac6/systemworkbench/plugins/fr.ac6.mcu.externaltools.arm-none.win32_1.17.0.201812190825/tools/compiler/bin/../lib/gcc/arm-none-eabi/7.3.1/../../../../arm-none-eabi/lib/thumb/v7e-m/fpv4-sp/hard/crt0.o
LOAD StdPeriph_Driver/src/stm32f30x_adc.o
LOAD StdPeriph_Driver/src/stm32f30x_can.o
LOAD StdPeriph_Driver/src/stm32f30x_comp.o
LOAD StdPeriph_Driver/src/stm32f30x_crc.o
LOAD StdPeriph_Driver/src/stm32f30x_dac.o
LOAD StdPeriph_Driver/src/stm32f30x_dbgmcu.o
LOAD StdPeriph_Driver/src/stm32f30x_dma.o
LOAD StdPeriph_Driver/src/stm32f30x_exti.o
LOAD StdPeriph_Driver/src/stm32f30x_flash.o
LOAD StdPeriph_Driver/src/stm32f30x_gpio.o
LOAD StdPeriph_Driver/src/stm32f30x_hrtim.o
LOAD StdPeriph_Driver/src/stm32f30x_i2c.o
LOAD StdPeriph_Driver/src/stm32f30x_iwdg.o
LOAD StdPeriph_Driver/src/stm32f30x_misc.o
LOAD StdPeriph_Driver/src/stm32f30x_opamp.o
LOAD StdPeriph_Driver/src/stm32f30x_pwr.o
LOAD StdPeriph_Driver/src/stm32f30x_rcc.o
LOAD StdPeriph_Driver/src/stm32f30x_rtc.o
LOAD StdPeriph_Driver/src/stm32f30x_spi.o
LOAD StdPeriph_Driver/src/stm32f30x_syscfg.o
LOAD StdPeriph_Driver/src/stm32f30x_tim.o
LOAD StdPeriph_Driver/src/stm32f30x_usart.o
LOAD StdPeriph_Driver/src/stm32f30x_wwdg.o
LOAD Utilities/STM32F3xx_Nucleo/stm32f3xx_nucleo.o
LOAD src/main.o
LOAD src/stm32f3xx_it.o
LOAD src/syscalls.o
LOAD src/system_stm32f30x.o
LOAD startup/startup_stm32f334x8.o
LOAD c:/ac6/systemworkbench/plugins/fr.ac6.mcu.externaltools.arm-none.win32_1.17.0.201812190825/tools/compiler/bin/../lib/gcc/arm-none-eabi/7.3.1/../../../../arm-none-eabi/lib/thumb/v7e-m/fpv4-sp/hard\libm.a
START GROUP
LOAD c:/ac6/systemworkbench/plugins/fr.ac6.mcu.externaltools.arm-none.win32_1.17.0.201812190825/tools/compiler/bin/../lib/gcc/arm-none-eabi/7.3.1/thumb/v7e-m/fpv4-sp/hard\libgcc.a
LOAD c:/ac6/systemworkbench/plugins/fr.ac6.mcu.externaltools.arm-none.win32_1.17.0.201812190825/tools/compiler/bin/../lib/gcc/arm-none-eabi/7.3.1/../../../../arm-none-eabi/lib/thumb/v7e-m/fpv4-sp/hard\libc.a
END GROUP
LOAD c:/ac6/systemworkbench/plugins/fr.ac6.mcu.externaltools.arm-none.win32_1.17.0.201812190825/tools/compiler/bin/../lib/gcc/arm-none-eabi/7.3.1/thumb/v7e-m/fpv4-sp/hard/crtend.o
LOAD c:/ac6/systemworkbench/plugins/fr.ac6.mcu.externaltools.arm-none.win32_1.17.0.201812190825/tools/compiler/bin/../lib/gcc/arm-none-eabi/7.3.1/thumb/v7e-m/fpv4-sp/hard/crtn.o
                0x20003000                _estack = 0x20003000
                0x00000200                _Min_Heap_Size = 0x200
                0x00000400                _Min_Stack_Size = 0x400

.isr_vector     0x08000000      0x188
                0x08000000                . = ALIGN (0x4)
 *(.isr_vector)
 .isr_vector    0x08000000      0x188 startup/startup_stm32f334x8.o
                0x08000000                g_pfnVectors
                0x08000188                . = ALIGN (0x4)

.text           0x08000188      0x8b0
                0x08000188                . = ALIGN (0x4)
 *(.text)
 .text          0x08000188       0x40 c:/ac6/systemworkbench/plugins/fr.ac6.mcu.externaltools.arm-none.win32_1.17.0.201812190825/tools/compiler/bin/../lib/gcc/arm-none-eabi/7.3.1/thumb/v7e-m/fpv4-sp/hard/crtbegin.o
 *(.text*)
 .text.RCC_DeInit
                0x080001c8       0x7c StdPeriph_Driver/src/stm32f30x_rcc.o
                0x080001c8                RCC_DeInit
 .text.NVIC_EnableIRQ
                0x08000244       0x34 src/main.o
 .text.main     0x08000278       0x22 src/main.o
                0x08000278                main
 *fill*         0x0800029a        0x2 
 .text.button_inti
                0x0800029c       0x7c src/main.o
                0x0800029c                button_inti
 .text.uart2_init
                0x08000318      0x100 src/main.o
                0x08000318                uart2_init
 .text.dma_init
                0x08000418       0x80 src/main.o
                0x08000418                dma_init
 .text.dma_interrupt_configuration
                0x08000498       0x40 src/main.o
                0x08000498                dma_interrupt_configuration
 .text.enable_DMA_channel7
                0x080004d8       0x28 src/main.o
                0x080004d8                enable_DMA_channel7
 .text.HT_Complete_callback
                0x08000500        0xe src/main.o
                0x08000500                HT_Complete_callback
 *fill*         0x0800050e        0x2 
 .text.FT_Complete_callback
                0x08000510       0x34 src/main.o
                0x08000510                FT_Complete_callback
 .text.TE_Error_callback
                0x08000544        0x6 src/main.o
                0x08000544                TE_Error_callback
 *fill*         0x0800054a        0x2 
 .text.clear_exti_pending_bit
                0x0800054c       0x34 src/stm32f3xx_it.o
                0x0800054c                clear_exti_pending_bit
 .text.EXTI15_10_IRQHandler
                0x08000580       0x28 src/stm32f3xx_it.o
                0x08000580                EXTI15_10_IRQHandler
 .text.DMA1_Channel7_IRQHandler
                0x080005a8       0x70 src/stm32f3xx_it.o
                0x080005a8                DMA1_Channel7_IRQHandler
 .text.SystemInit
                0x08000618       0x94 src/system_stm32f30x.o
                0x08000618                SystemInit
 .text.SystemCoreClockUpdate
                0x080006ac       0xd8 src/system_stm32f30x.o
                0x080006ac                SystemCoreClockUpdate
 .text.SetSysClock
                0x08000784       0xe4 src/system_stm32f30x.o
 .text.Reset_Handler
                0x08000868       0x50 startup/startup_stm32f334x8.o
                0x08000868                Reset_Handler
 .text.Default_Handler
                0x080008b8        0x2 startup/startup_stm32f334x8.o
                0x080008b8                RTC_Alarm_IRQHandler
                0x080008b8                HRTIM1_Master_IRQHandler
                0x080008b8                DebugMon_Handler
                0x080008b8                TIM1_CC_IRQHandler
                0x080008b8                HardFault_Handler
                0x080008b8                HRTIM1_FLT_IRQHandler
                0x080008b8                SysTick_Handler
                0x080008b8                PVD_IRQHandler
                0x080008b8                HRTIM1_TIMD_IRQHandler
                0x080008b8                PendSV_Handler
                0x080008b8                NMI_Handler
                0x080008b8                EXTI3_IRQHandler
                0x080008b8                EXTI0_IRQHandler
                0x080008b8                CAN1_RX0_IRQHandler
                0x080008b8                FPU_IRQHandler
                0x080008b8                EXTI2_TS_IRQHandler
                0x080008b8                TIM1_UP_TIM16_IRQHandler
                0x080008b8                UsageFault_Handler
                0x080008b8                ADC1_2_IRQHandler
                0x080008b8                HRTIM1_TIME_IRQHandler
                0x080008b8                SPI1_IRQHandler
                0x080008b8                HRTIM1_TIMC_IRQHandler
                0x080008b8                DMA1_Channel4_IRQHandler
                0x080008b8                USART3_IRQHandler
                0x080008b8                TIM7_DAC2_IRQHandler
                0x080008b8                CAN1_RX1_IRQHandler
                0x080008b8                I2C1_EV_IRQHandler
                0x080008b8                DMA1_Channel6_IRQHandler
                0x080008b8                TIM3_IRQHandler
                0x080008b8                RCC_IRQHandler
                0x080008b8                DMA1_Channel1_IRQHandler
                0x080008b8                Default_Handler
                0x080008b8                COMP2_IRQHandler
                0x080008b8                HRTIM1_TIMA_IRQHandler
                0x080008b8                TIM6_DAC1_IRQHandler
                0x080008b8                EXTI9_5_IRQHandler
                0x080008b8                TAMPER_STAMP_IRQHandler
                0x080008b8                RTC_WKUP_IRQHandler
                0x080008b8                MemManage_Handler
                0x080008b8                CAN1_TX_IRQHandler
                0x080008b8                SVC_Handler
                0x080008b8                DMA1_Channel5_IRQHandler
                0x080008b8                EXTI4_IRQHandler
                0x080008b8                HRTIM1_TIMB_IRQHandler
                0x080008b8                TIM1_TRG_COM_TIM17_IRQHandler
                0x080008b8                DMA1_Channel3_IRQHandler
                0x080008b8                WWDG_IRQHandler
                0x080008b8                TIM2_IRQHandler
                0x080008b8                EXTI1_IRQHandler
                0x080008b8                COMP4_6_IRQHandler
                0x080008b8                USART2_IRQHandler
                0x080008b8                DMA1_Channel2_IRQHandler
                0x080008b8                CAN1_SCE_IRQHandler
                0x080008b8                FLASH_IRQHandler
                0x080008b8                BusFault_Handler
                0x080008b8                USART1_IRQHandler
                0x080008b8                I2C1_ER_IRQHandler
                0x080008b8                TIM1_BRK_TIM15_IRQHandler
 *fill*         0x080008ba        0x2 
 .text.__libc_init_array
                0x080008bc       0x48 c:/ac6/systemworkbench/plugins/fr.ac6.mcu.externaltools.arm-none.win32_1.17.0.201812190825/tools/compiler/bin/../lib/gcc/arm-none-eabi/7.3.1/../../../../arm-none-eabi/lib/thumb/v7e-m/fpv4-sp/hard\libc.a(lib_a-init.o)
                0x080008bc                __libc_init_array
 .text.startup.register_fini
                0x08000904       0x14 c:/ac6/systemworkbench/plugins/fr.ac6.mcu.externaltools.arm-none.win32_1.17.0.201812190825/tools/compiler/bin/../lib/gcc/arm-none-eabi/7.3.1/../../../../arm-none-eabi/lib/thumb/v7e-m/fpv4-sp/hard\libc.a(lib_a-__call_atexit.o)
 .text.atexit   0x08000918        0xc c:/ac6/systemworkbench/plugins/fr.ac6.mcu.externaltools.arm-none.win32_1.17.0.201812190825/tools/compiler/bin/../lib/gcc/arm-none-eabi/7.3.1/../../../../arm-none-eabi/lib/thumb/v7e-m/fpv4-sp/hard\libc.a(lib_a-atexit.o)
                0x08000918                atexit
 .text.__libc_fini_array
                0x08000924       0x34 c:/ac6/systemworkbench/plugins/fr.ac6.mcu.externaltools.arm-none.win32_1.17.0.201812190825/tools/compiler/bin/../lib/gcc/arm-none-eabi/7.3.1/../../../../arm-none-eabi/lib/thumb/v7e-m/fpv4-sp/hard\libc.a(lib_a-fini.o)
                0x08000924                __libc_fini_array
 .text.__retarget_lock_acquire_recursive
                0x08000958        0x4 c:/ac6/systemworkbench/plugins/fr.ac6.mcu.externaltools.arm-none.win32_1.17.0.201812190825/tools/compiler/bin/../lib/gcc/arm-none-eabi/7.3.1/../../../../arm-none-eabi/lib/thumb/v7e-m/fpv4-sp/hard\libc.a(lib_a-lock.o)
                0x08000958                __retarget_lock_acquire_recursive
 .text.__retarget_lock_release_recursive
                0x0800095c        0x4 c:/ac6/systemworkbench/plugins/fr.ac6.mcu.externaltools.arm-none.win32_1.17.0.201812190825/tools/compiler/bin/../lib/gcc/arm-none-eabi/7.3.1/../../../../arm-none-eabi/lib/thumb/v7e-m/fpv4-sp/hard\libc.a(lib_a-lock.o)
                0x0800095c                __retarget_lock_release_recursive
 .text.__register_exitproc
                0x08000960       0xc0 c:/ac6/systemworkbench/plugins/fr.ac6.mcu.externaltools.arm-none.win32_1.17.0.201812190825/tools/compiler/bin/../lib/gcc/arm-none-eabi/7.3.1/../../../../arm-none-eabi/lib/thumb/v7e-m/fpv4-sp/hard\libc.a(lib_a-__atexit.o)
                0x08000960                __register_exitproc
 *(.glue_7)
 .glue_7        0x08000a20        0x0 linker stubs
 *(.glue_7t)
 .glue_7t       0x08000a20        0x0 linker stubs
 *(.eh_frame)
 .eh_frame      0x08000a20        0x0 c:/ac6/systemworkbench/plugins/fr.ac6.mcu.externaltools.arm-none.win32_1.17.0.201812190825/tools/compiler/bin/../lib/gcc/arm-none-eabi/7.3.1/thumb/v7e-m/fpv4-sp/hard/crtbegin.o
 *(.init)
 .init          0x08000a20        0x4 c:/ac6/systemworkbench/plugins/fr.ac6.mcu.externaltools.arm-none.win32_1.17.0.201812190825/tools/compiler/bin/../lib/gcc/arm-none-eabi/7.3.1/thumb/v7e-m/fpv4-sp/hard/crti.o
                0x08000a20                _init
 .init          0x08000a24        0x8 c:/ac6/systemworkbench/plugins/fr.ac6.mcu.externaltools.arm-none.win32_1.17.0.201812190825/tools/compiler/bin/../lib/gcc/arm-none-eabi/7.3.1/thumb/v7e-m/fpv4-sp/hard/crtn.o
 *(.fini)
 .fini          0x08000a2c        0x4 c:/ac6/systemworkbench/plugins/fr.ac6.mcu.externaltools.arm-none.win32_1.17.0.201812190825/tools/compiler/bin/../lib/gcc/arm-none-eabi/7.3.1/thumb/v7e-m/fpv4-sp/hard/crti.o
                0x08000a2c                _fini
 .fini          0x08000a30        0x8 c:/ac6/systemworkbench/plugins/fr.ac6.mcu.externaltools.arm-none.win32_1.17.0.201812190825/tools/compiler/bin/../lib/gcc/arm-none-eabi/7.3.1/thumb/v7e-m/fpv4-sp/hard/crtn.o
                0x08000a38                . = ALIGN (0x4)
                0x08000a38                _etext = .

.vfp11_veneer   0x08000a38        0x0
 .vfp11_veneer  0x08000a38        0x0 linker stubs

.v4_bx          0x08000a38        0x0
 .v4_bx         0x08000a38        0x0 linker stubs

.iplt           0x08000a38        0x0
 .iplt          0x08000a38        0x0 c:/ac6/systemworkbench/plugins/fr.ac6.mcu.externaltools.arm-none.win32_1.17.0.201812190825/tools/compiler/bin/../lib/gcc/arm-none-eabi/7.3.1/thumb/v7e-m/fpv4-sp/hard/crtbegin.o

.rodata         0x08000a38        0x4
                0x08000a38                . = ALIGN (0x4)
 *(.rodata)
 *(.rodata*)
 .rodata._global_impure_ptr
                0x08000a38        0x4 c:/ac6/systemworkbench/plugins/fr.ac6.mcu.externaltools.arm-none.win32_1.17.0.201812190825/tools/compiler/bin/../lib/gcc/arm-none-eabi/7.3.1/../../../../arm-none-eabi/lib/thumb/v7e-m/fpv4-sp/hard\libc.a(lib_a-impure.o)
                0x08000a38                _global_impure_ptr
                0x08000a3c                . = ALIGN (0x4)

.rel.dyn        0x08000a3c        0x0
 .rel.iplt      0x08000a3c        0x0 c:/ac6/systemworkbench/plugins/fr.ac6.mcu.externaltools.arm-none.win32_1.17.0.201812190825/tools/compiler/bin/../lib/gcc/arm-none-eabi/7.3.1/thumb/v7e-m/fpv4-sp/hard/crtbegin.o

.ARM.extab
 *(.ARM.extab* .gnu.linkonce.armextab.*)

.ARM            0x08000a3c        0x0
                0x08000a3c                __exidx_start = .
 *(.ARM.exidx*)
                0x08000a3c                __exidx_end = .

.preinit_array  0x08000a3c        0x0
                0x08000a3c                PROVIDE (__preinit_array_start = .)
 *(.preinit_array*)
                0x08000a3c                PROVIDE (__preinit_array_end = .)

.init_array     0x08000a3c        0x8
                0x08000a3c                PROVIDE (__init_array_start = .)
 *(SORT_BY_NAME(.init_array.*))
 .init_array.00000
                0x08000a3c        0x4 c:/ac6/systemworkbench/plugins/fr.ac6.mcu.externaltools.arm-none.win32_1.17.0.201812190825/tools/compiler/bin/../lib/gcc/arm-none-eabi/7.3.1/../../../../arm-none-eabi/lib/thumb/v7e-m/fpv4-sp/hard\libc.a(lib_a-__call_atexit.o)
 *(.init_array*)
 .init_array    0x08000a40        0x4 c:/ac6/systemworkbench/plugins/fr.ac6.mcu.externaltools.arm-none.win32_1.17.0.201812190825/tools/compiler/bin/../lib/gcc/arm-none-eabi/7.3.1/thumb/v7e-m/fpv4-sp/hard/crtbegin.o
                0x08000a44                PROVIDE (__init_array_end = .)

.fini_array     0x08000a44        0x4
                0x08000a44                PROVIDE (__fini_array_start = .)
 *(SORT_BY_NAME(.fini_array.*))
 *(.fini_array*)
 .fini_array    0x08000a44        0x4 c:/ac6/systemworkbench/plugins/fr.ac6.mcu.externaltools.arm-none.win32_1.17.0.201812190825/tools/compiler/bin/../lib/gcc/arm-none-eabi/7.3.1/thumb/v7e-m/fpv4-sp/hard/crtbegin.o
                0x08000a48                PROVIDE (__fini_array_end = .)
                0x08000a48                _sidata = LOADADDR (.data)

.data           0x20000000      0x454 load address 0x08000a48
                0x20000000                . = ALIGN (0x4)
                0x20000000                _sdata = .
 *(.data)
 .data          0x20000000        0xe src/main.o
                0x20000000                dataStream
 *fill*         0x2000000e        0x2 
 .data          0x20000010       0x14 src/system_stm32f30x.o
                0x20000010                SystemCoreClock
                0x20000014                AHBPrescTable
 *(.data*)
 *fill*         0x20000024        0x4 
 .data.impure_data
                0x20000028      0x428 c:/ac6/systemworkbench/plugins/fr.ac6.mcu.externaltools.arm-none.win32_1.17.0.201812190825/tools/compiler/bin/../lib/gcc/arm-none-eabi/7.3.1/../../../../arm-none-eabi/lib/thumb/v7e-m/fpv4-sp/hard\libc.a(lib_a-impure.o)
 .data.__atexit_recursive_mutex
                0x20000450        0x4 c:/ac6/systemworkbench/plugins/fr.ac6.mcu.externaltools.arm-none.win32_1.17.0.201812190825/tools/compiler/bin/../lib/gcc/arm-none-eabi/7.3.1/../../../../arm-none-eabi/lib/thumb/v7e-m/fpv4-sp/hard\libc.a(lib_a-__call_atexit.o)
                0x20000450                __atexit_recursive_mutex
                0x20000454                . = ALIGN (0x4)
                0x20000454                _edata = .
                0x08000e9c                _siccmram = LOADADDR (.ccmram)

.igot.plt       0x20000454        0x0 load address 0x08000e9c
 .igot.plt      0x20000454        0x0 c:/ac6/systemworkbench/plugins/fr.ac6.mcu.externaltools.arm-none.win32_1.17.0.201812190825/tools/compiler/bin/../lib/gcc/arm-none-eabi/7.3.1/thumb/v7e-m/fpv4-sp/hard/crtbegin.o

.ccmram         0x10000000        0x0 load address 0x08000e9c
                0x10000000                . = ALIGN (0x4)
                0x10000000                _sccmram = .
 *(.ccmram)
 *(.ccmram*)
                0x10000000                . = ALIGN (0x4)
                0x10000000                _eccmram = .
                0x10000000                . = ALIGN (0x4)

.bss            0x20000454       0x40
                0x20000454                _sbss = .
                0x20000454                __bss_start__ = _sbss
 *(.bss)
 .bss           0x20000454       0x1c c:/ac6/systemworkbench/plugins/fr.ac6.mcu.externaltools.arm-none.win32_1.17.0.201812190825/tools/compiler/bin/../lib/gcc/arm-none-eabi/7.3.1/thumb/v7e-m/fpv4-sp/hard/crtbegin.o
 *(.bss*)
 *(COMMON)
 COMMON         0x20000470       0x21 c:/ac6/systemworkbench/plugins/fr.ac6.mcu.externaltools.arm-none.win32_1.17.0.201812190825/tools/compiler/bin/../lib/gcc/arm-none-eabi/7.3.1/../../../../arm-none-eabi/lib/thumb/v7e-m/fpv4-sp/hard\libc.a(lib_a-lock.o)
                0x20000470                __lock___atexit_recursive_mutex
                0x20000474                __lock___arc4random_mutex
                0x20000478                __lock___env_recursive_mutex
                0x2000047c                __lock___sinit_recursive_mutex
                0x20000480                __lock___malloc_recursive_mutex
                0x20000484                __lock___at_quick_exit_mutex
                0x20000488                __lock___dd_hash_mutex
                0x2000048c                __lock___tz_mutex
                0x20000490                __lock___sfp_recursive_mutex
                0x20000494                . = ALIGN (0x4)
 *fill*         0x20000491        0x3 
                0x20000494                _ebss = .
                0x20000494                __bss_end__ = _ebss

._user_heap_stack
                0x20000494      0x604
                0x20000498                . = ALIGN (0x8)
 *fill*         0x20000494        0x4 
                0x20000498                PROVIDE (end = .)
                [!provide]                PROVIDE (_end = .)
                0x20000698                . = (. + _Min_Heap_Size)
 *fill*         0x20000498      0x200 
                0x20000a98                . = (. + _Min_Stack_Size)
 *fill*         0x20000698      0x400 
                0x20000a98                . = ALIGN (0x8)

/DISCARD/
 libc.a(*)
 libm.a(*)
 libgcc.a(*)

.ARM.attributes
                0x00000000       0x30
 *(.ARM.attributes)
 .ARM.attributes
                0x00000000       0x22 c:/ac6/systemworkbench/plugins/fr.ac6.mcu.externaltools.arm-none.win32_1.17.0.201812190825/tools/compiler/bin/../lib/gcc/arm-none-eabi/7.3.1/thumb/v7e-m/fpv4-sp/hard/crti.o
 .ARM.attributes
                0x00000022       0x34 c:/ac6/systemworkbench/plugins/fr.ac6.mcu.externaltools.arm-none.win32_1.17.0.201812190825/tools/compiler/bin/../lib/gcc/arm-none-eabi/7.3.1/thumb/v7e-m/fpv4-sp/hard/crtbegin.o
 .ARM.attributes
                0x00000056       0x39 StdPeriph_Driver/src/stm32f30x_rcc.o
 .ARM.attributes
                0x0000008f       0x39 src/main.o
 .ARM.attributes
                0x000000c8       0x39 src/stm32f3xx_it.o
 .ARM.attributes
                0x00000101       0x39 src/system_stm32f30x.o
 .ARM.attributes
                0x0000013a       0x21 startup/startup_stm32f334x8.o
 .ARM.attributes
                0x0000015b       0x34 c:/ac6/systemworkbench/plugins/fr.ac6.mcu.externaltools.arm-none.win32_1.17.0.201812190825/tools/compiler/bin/../lib/gcc/arm-none-eabi/7.3.1/../../../../arm-none-eabi/lib/thumb/v7e-m/fpv4-sp/hard\libc.a(lib_a-impure.o)
 .ARM.attributes
                0x0000018f       0x34 c:/ac6/systemworkbench/plugins/fr.ac6.mcu.externaltools.arm-none.win32_1.17.0.201812190825/tools/compiler/bin/../lib/gcc/arm-none-eabi/7.3.1/../../../../arm-none-eabi/lib/thumb/v7e-m/fpv4-sp/hard\libc.a(lib_a-init.o)
 .ARM.attributes
                0x000001c3       0x34 c:/ac6/systemworkbench/plugins/fr.ac6.mcu.externaltools.arm-none.win32_1.17.0.201812190825/tools/compiler/bin/../lib/gcc/arm-none-eabi/7.3.1/../../../../arm-none-eabi/lib/thumb/v7e-m/fpv4-sp/hard\libc.a(lib_a-__call_atexit.o)
 .ARM.attributes
                0x000001f7       0x34 c:/ac6/systemworkbench/plugins/fr.ac6.mcu.externaltools.arm-none.win32_1.17.0.201812190825/tools/compiler/bin/../lib/gcc/arm-none-eabi/7.3.1/../../../../arm-none-eabi/lib/thumb/v7e-m/fpv4-sp/hard\libc.a(lib_a-atexit.o)
 .ARM.attributes
                0x0000022b       0x34 c:/ac6/systemworkbench/plugins/fr.ac6.mcu.externaltools.arm-none.win32_1.17.0.201812190825/tools/compiler/bin/../lib/gcc/arm-none-eabi/7.3.1/../../../../arm-none-eabi/lib/thumb/v7e-m/fpv4-sp/hard\libc.a(lib_a-fini.o)
 .ARM.attributes
                0x0000025f       0x34 c:/ac6/systemworkbench/plugins/fr.ac6.mcu.externaltools.arm-none.win32_1.17.0.201812190825/tools/compiler/bin/../lib/gcc/arm-none-eabi/7.3.1/../../../../arm-none-eabi/lib/thumb/v7e-m/fpv4-sp/hard\libc.a(lib_a-lock.o)
 .ARM.attributes
                0x00000293       0x34 c:/ac6/systemworkbench/plugins/fr.ac6.mcu.externaltools.arm-none.win32_1.17.0.201812190825/tools/compiler/bin/../lib/gcc/arm-none-eabi/7.3.1/../../../../arm-none-eabi/lib/thumb/v7e-m/fpv4-sp/hard\libc.a(lib_a-__atexit.o)
 .ARM.attributes
                0x000002c7       0x22 c:/ac6/systemworkbench/plugins/fr.ac6.mcu.externaltools.arm-none.win32_1.17.0.201812190825/tools/compiler/bin/../lib/gcc/arm-none-eabi/7.3.1/thumb/v7e-m/fpv4-sp/hard/crtn.o
OUTPUT(M2P_UART2_SCRATCH.elf elf32-littlearm)

.debug_info     0x00000000     0x1dec
 .debug_info    0x00000000      0xb5b StdPeriph_Driver/src/stm32f30x_rcc.o
 .debug_info    0x00000b5b      0xa74 src/main.o
 .debug_info    0x000015cf      0x337 src/stm32f3xx_it.o
 .debug_info    0x00001906      0x4c4 src/system_stm32f30x.o
 .debug_info    0x00001dca       0x22 startup/startup_stm32f334x8.o

.debug_abbrev   0x00000000      0x632
 .debug_abbrev  0x00000000      0x1fd StdPeriph_Driver/src/stm32f30x_rcc.o
 .debug_abbrev  0x000001fd      0x1d2 src/main.o
 .debug_abbrev  0x000003cf       0xe5 src/stm32f3xx_it.o
 .debug_abbrev  0x000004b4      0x16c src/system_stm32f30x.o
 .debug_abbrev  0x00000620       0x12 startup/startup_stm32f334x8.o

.debug_aranges  0x00000000      0x250
 .debug_aranges
                0x00000000      0x158 StdPeriph_Driver/src/stm32f30x_rcc.o
 .debug_aranges
                0x00000158       0x70 src/main.o
 .debug_aranges
                0x000001c8       0x30 src/stm32f3xx_it.o
 .debug_aranges
                0x000001f8       0x30 src/system_stm32f30x.o
 .debug_aranges
                0x00000228       0x28 startup/startup_stm32f334x8.o

.debug_ranges   0x00000000      0x208
 .debug_ranges  0x00000000      0x148 StdPeriph_Driver/src/stm32f30x_rcc.o
 .debug_ranges  0x00000148       0x60 src/main.o
 .debug_ranges  0x000001a8       0x20 src/stm32f3xx_it.o
 .debug_ranges  0x000001c8       0x20 src/system_stm32f30x.o
 .debug_ranges  0x000001e8       0x20 startup/startup_stm32f334x8.o

.debug_macro    0x00000000      0xef5
 .debug_macro   0x00000000      0x241 StdPeriph_Driver/src/stm32f30x_rcc.o
 .debug_macro   0x00000241      0x668 StdPeriph_Driver/src/stm32f30x_rcc.o
 .debug_macro   0x000008a9      0x1a9 src/main.o
 .debug_macro   0x00000a52      0x157 src/main.o
 .debug_macro   0x00000ba9      0x1ac src/stm32f3xx_it.o
 .debug_macro   0x00000d55      0x1a0 src/system_stm32f30x.o

.debug_line     0x00000000     0x1ee2
 .debug_line    0x00000000      0xa25 StdPeriph_Driver/src/stm32f30x_rcc.o
 .debug_line    0x00000a25      0x78c src/main.o
 .debug_line    0x000011b1      0x639 src/stm32f3xx_it.o
 .debug_line    0x000017ea      0x679 src/system_stm32f30x.o
 .debug_line    0x00001e63       0x7f startup/startup_stm32f334x8.o

.debug_str      0x00000000    0x7187a
 .debug_str     0x00000000    0x70ae1 StdPeriph_Driver/src/stm32f30x_rcc.o
                              0x70ca5 (size before relaxing)
 .debug_str     0x00070ae1      0xbc9 src/main.o
                              0x70d6a (size before relaxing)
 .debug_str     0x000716aa       0xce src/stm32f3xx_it.o
                              0x70288 (size before relaxing)
 .debug_str     0x00071778       0xd3 src/system_stm32f30x.o
                              0x702bc (size before relaxing)
 .debug_str     0x0007184b       0x2f startup/startup_stm32f334x8.o
                                 0x76 (size before relaxing)

.comment        0x00000000       0x7f
 .comment       0x00000000       0x7f StdPeriph_Driver/src/stm32f30x_rcc.o
                                 0x80 (size before relaxing)
 .comment       0x0000007f       0x80 src/main.o
 .comment       0x0000007f       0x80 src/stm32f3xx_it.o
 .comment       0x0000007f       0x80 src/system_stm32f30x.o

.debug_frame    0x00000000      0xa88
 .debug_frame   0x00000000      0x634 StdPeriph_Driver/src/stm32f30x_rcc.o
 .debug_frame   0x00000634      0x198 src/main.o
 .debug_frame   0x000007cc       0x80 src/stm32f3xx_it.o
 .debug_frame   0x0000084c       0x7c src/system_stm32f30x.o
 .debug_frame   0x000008c8       0x2c c:/ac6/systemworkbench/plugins/fr.ac6.mcu.externaltools.arm-none.win32_1.17.0.201812190825/tools/compiler/bin/../lib/gcc/arm-none-eabi/7.3.1/../../../../arm-none-eabi/lib/thumb/v7e-m/fpv4-sp/hard\libc.a(lib_a-init.o)
 .debug_frame   0x000008f4       0x5c c:/ac6/systemworkbench/plugins/fr.ac6.mcu.externaltools.arm-none.win32_1.17.0.201812190825/tools/compiler/bin/../lib/gcc/arm-none-eabi/7.3.1/../../../../arm-none-eabi/lib/thumb/v7e-m/fpv4-sp/hard\libc.a(lib_a-__call_atexit.o)
 .debug_frame   0x00000950       0x20 c:/ac6/systemworkbench/plugins/fr.ac6.mcu.externaltools.arm-none.win32_1.17.0.201812190825/tools/compiler/bin/../lib/gcc/arm-none-eabi/7.3.1/../../../../arm-none-eabi/lib/thumb/v7e-m/fpv4-sp/hard\libc.a(lib_a-atexit.o)
 .debug_frame   0x00000970       0x34 c:/ac6/systemworkbench/plugins/fr.ac6.mcu.externaltools.arm-none.win32_1.17.0.201812190825/tools/compiler/bin/../lib/gcc/arm-none-eabi/7.3.1/../../../../arm-none-eabi/lib/thumb/v7e-m/fpv4-sp/hard\libc.a(lib_a-fini.o)
 .debug_frame   0x000009a4       0xb0 c:/ac6/systemworkbench/plugins/fr.ac6.mcu.externaltools.arm-none.win32_1.17.0.201812190825/tools/compiler/bin/../lib/gcc/arm-none-eabi/7.3.1/../../../../arm-none-eabi/lib/thumb/v7e-m/fpv4-sp/hard\libc.a(lib_a-lock.o)
 .debug_frame   0x00000a54       0x34 c:/ac6/systemworkbench/plugins/fr.ac6.mcu.externaltools.arm-none.win32_1.17.0.201812190825/tools/compiler/bin/../lib/gcc/arm-none-eabi/7.3.1/../../../../arm-none-eabi/lib/thumb/v7e-m/fpv4-sp/hard\libc.a(lib_a-__atexit.o)
