15:21:01 **** Incremental Build of configuration Debug for project M2P_UART2_SCRATCH ****
make -j4 all 
Building file: ../src/main.c
Invoking: MCU GCC Compiler
C:\Users\-_Alex_-\Desktop\DMA course\Workspace\M2P_UART2_SCRATCH\Debug
arm-none-eabi-gcc -mcpu=cortex-m4 -mthumb -mfloat-abi=hard -mfpu=fpv4-sp-d16 -DSTM32 -DSTM32F3 -DSTM32F33 -DSTM32F334R8Tx -DNUCLEO_F334R8 -DDEBUG -DSTM32F334x8 -DUSE_STDPERIPH_DRIVER -I"C:/Users/-_Alex_-/Desktop/DMA course/Workspace/M2P_UART2_SCRATCH/Utilities/STM32F3xx_Nucleo" -I"C:/Users/-_Alex_-/Desktop/DMA course/Workspace/M2P_UART2_SCRATCH/StdPeriph_Driver/inc" -I"C:/Users/-_Alex_-/Desktop/DMA course/Workspace/M2P_UART2_SCRATCH/inc" -I"C:/Users/-_Alex_-/Desktop/DMA course/Workspace/M2P_UART2_SCRATCH/CMSIS/device" -I"C:/Users/-_Alex_-/Desktop/DMA course/Workspace/M2P_UART2_SCRATCH/CMSIS/core" -O0 -g3 -Wall -fmessage-length=0 -ffunction-sections -c -MMD -MP -MF"src/main.d" -MT"src/main.o" -o "src/main.o" "../src/main.c"
Finished building: ../src/main.c
 
Building target: M2P_UART2_SCRATCH.elf
Invoking: MCU GCC Linker
arm-none-eabi-gcc -mcpu=cortex-m4 -mthumb -mfloat-abi=hard -mfpu=fpv4-sp-d16 -T"C:/Users/-_Alex_-/Desktop/DMA course/Workspace/M2P_UART2_SCRATCH/LinkerScript.ld" -Wl,-Map=output.map -Wl,--gc-sections -o "M2P_UART2_SCRATCH.elf" @"objects.list"   -lm
Finished building target: M2P_UART2_SCRATCH.elf
 
make --no-print-directory post-build
Generating binary and Printing size information:
arm-none-eabi-objcopy -O binary "M2P_UART2_SCRATCH.elf" "M2P_UART2_SCRATCH.bin"
arm-none-eabi-size "M2P_UART2_SCRATCH.elf"
   text	   data	    bss	    dec	    hex	filename
   2620	   1120	   1604	   5344	   14e0	M2P_UART2_SCRATCH.elf
 

15:21:06 Build Finished (took 4s.390ms)

